RUN tax=400 div=3000 seed=42 ticks=1500
  t=2 ESSENTIAL STREAKS {'bread': 1}
  t=3 ESSENTIAL STREAKS {'bread': 2}
  t=4 ESSENTIAL STREAKS {'bread': 3, 'electricity': 1}
  t=5 ESSENTIAL STREAKS {'bread': 4, 'electricity': 1}
  t=6 ESSENTIAL STREAKS {'bread': 5}
  t=7 ESSENTIAL STREAKS {'bread': 6}
  t=55 ESSENTIAL STREAKS {'bread': 1}
  t=56 ESSENTIAL STREAKS {'bread': 2}
  t=58 ESSENTIAL STREAKS {'bread': 1}
  t=59 ESSENTIAL STREAKS {'bread': 2}
  t=60 ESSENTIAL STREAKS {'bread': 3}
  t=61 ESSENTIAL STREAKS {'bread': 4}
  t=63 ESSENTIAL STREAKS {'bread': 1}
  t=66 ESSENTIAL STREAKS {'bread': 1}
  t=67 ESSENTIAL STREAKS {'bread': 2}
  t=70 ESSENTIAL STREAKS {'bread': 1}
  t=71 ESSENTIAL STREAKS {'bread': 2}
  t=72 ESSENTIAL STREAKS {'bread': 3}
  t=73 ESSENTIAL STREAKS {'bread': 4}
  t=75 ESSENTIAL STREAKS {'bread': 1}
  t=79 ESSENTIAL STREAKS {'bread': 1}
  t=80 ESSENTIAL STREAKS {'bread': 2}
  t=81 ESSENTIAL STREAKS {'bread': 3}
  t=82 ESSENTIAL STREAKS {'electricity': 1}
  t=83 ESSENTIAL STREAKS {'bread': 1}
  t=85 ESSENTIAL STREAKS {'bread': 1}
  t=86 ESSENTIAL STREAKS {'bread': 2}
  t=88 ESSENTIAL STREAKS {'bread': 1, 'electricity': 1}
  t=89 ESSENTIAL STREAKS {'bread': 2, 'electricity': 2}
  t=90 ESSENTIAL STREAKS {'bread': 3}
  t=91 ESSENTIAL STREAKS {'bread': 4}
  t=92 ESSENTIAL STREAKS {'electricity': 1}
  t=94 ESSENTIAL STREAKS {'electricity': 1, 'bread': 1}
  t=95 ESSENTIAL STREAKS {'bread': 2}
  t=97 ESSENTIAL STREAKS {'bread': 1}
  t=98 ESSENTIAL STREAKS {'bread': 2}
  t=99 ESSENTIAL STREAKS {'bread': 3}
  t=100 ESSENTIAL STREAKS {'bread': 4}
  t=100 top1=4964.0bp ess_peak=4
  t=101 ESSENTIAL STREAKS {'bread': 5}
  t=102 ESSENTIAL STREAKS {'electricity': 1}
  t=103 ESSENTIAL STREAKS {'bread': 1}
  t=105 ESSENTIAL STREAKS {'bread': 1, 'electricity': 1}
  t=106 ESSENTIAL STREAKS {'bread': 2}
  t=107 ESSENTIAL STREAKS {'electricity': 1, 'bread': 3}
  t=108 ESSENTIAL STREAKS {'electricity': 2}
  t=110 ESSENTIAL STREAKS {'bread': 1, 'electricity': 1}
  t=111 ESSENTIAL STREAKS {'bread': 2}
  t=113 ESSENTIAL STREAKS {'bread': 1, 'electricity': 1}
  t=114 ESSENTIAL STREAKS {'electricity': 2}
  t=115 ESSENTIAL STREAKS {'bread': 1}
  t=116 ESSENTIAL STREAKS {'bread': 2}
  t=117 ESSENTIAL STREAKS {'electricity': 1}
  t=119 ESSENTIAL STREAKS {'bread': 1}
  t=120 ESSENTIAL STREAKS {'bread': 2}
  t=122 ESSENTIAL STREAKS {'bread': 1, 'electricity': 1}
  t=123 ESSENTIAL STREAKS {'electricity': 2, 'bread': 2}
  t=124 ESSENTIAL STREAKS {'electricity': 3}
  t=125 ESSENTIAL STREAKS {'bread': 1}
  t=126 ESSENTIAL STREAKS {'bread': 2}
  t=127 ESSENTIAL STREAKS {'bread': 3}
  t=128 ESSENTIAL STREAKS {'bread': 4}
  t=130 ESSENTIAL STREAKS {'bread': 1}
  t=131 ESSENTIAL STREAKS {'bread': 2, 'electricity': 1}
  t=132 ESSENTIAL STREAKS {'bread': 3}
  t=133 ESSENTIAL STREAKS {'bread': 4}
  t=134 ESSENTIAL STREAKS {'electricity': 1}
  t=135 ESSENTIAL STREAKS {'electricity': 2}
  t=137 ESSENTIAL STREAKS {'bread': 1}
  t=139 ESSENTIAL STREAKS {'bread': 1}
  t=141 ESSENTIAL STREAKS {'bread': 1}
  t=142 ESSENTIAL STREAKS {'bread': 2}
  t=144 ESSENTIAL STREAKS {'electricity': 1}
  t=145 ESSENTIAL STREAKS {'bread': 1}
  t=146 ESSENTIAL STREAKS {'bread': 2}
  t=147 ESSENTIAL STREAKS {'bread': 3}
  t=149 ESSENTIAL STREAKS {'bread': 1}
  t=150 ESSENTIAL STREAKS {'bread': 2}
  t=151 ESSENTIAL STREAKS {'bread': 3}
  t=152 ESSENTIAL STREAKS {'electricity': 1, 'bread': 4}
  t=153 ESSENTIAL STREAKS {'bread': 5, 'electricity': 2}
  t=155 ESSENTIAL STREAKS {'bread': 1, 'electricity': 1}
  t=156 ESSENTIAL STREAKS {'bread': 2, 'electricity': 2}
  t=157 ESSENTIAL STREAKS {'bread': 3, 'electricity': 3}
  t=158 ESSENTIAL STREAKS {'electricity': 4}
  t=159 ESSENTIAL STREAKS {'bread': 1}
  t=160 ESSENTIAL STREAKS {'electricity': 1, 'bread': 1}
  t=161 ESSENTIAL STREAKS {'bread': 2}
  t=162 ESSENTIAL STREAKS {'electricity': 1}
  t=163 ESSENTIAL STREAKS {'electricity': 2, 'bread': 1, 'water': 1}
  t=165 ESSENTIAL STREAKS {'electricity': 1, 'water': 1}
  t=166 ESSENTIAL STREAKS {'electricity': 2, 'bread': 1}
  t=168 ESSENTIAL STREAKS {'bread': 1, 'electricity': 1}
  t=169 ESSENTIAL STREAKS {'bread': 2, 'electricity': 2}
  t=170 ESSENTIAL STREAKS {'bread': 3}
  t=171 ESSENTIAL STREAKS {'bread': 4}
  t=173 ESSENTIAL STREAKS {'bread': 1, 'electricity': 1}
  t=174 ESSENTIAL STREAKS {'electricity': 2, 'bread': 2, 'water': 1}
  t=175 ESSENTIAL STREAKS {'bread': 3}
  t=176 ESSENTIAL STREAKS {'bread': 4, 'water': 1}
  t=179 ESSENTIAL STREAKS {'bread': 1}
  t=180 ESSENTIAL STREAKS {'bread': 2}
  t=181 ESSENTIAL STREAKS {'bread': 3, 'electricity': 1, 'water': 1}
  t=182 ESSENTIAL STREAKS {'electricity': 2}
  t=183 ESSENTIAL STREAKS {'bread': 1}
  t=184 ESSENTIAL STREAKS {'electricity': 1}
  t=185 ESSENTIAL STREAKS {'bread': 1}
  t=186 ESSENTIAL STREAKS {'bread': 2, 'electricity': 1}
  t=187 ESSENTIAL STREAKS {'electricity': 2}
  t=188 ESSENTIAL STREAKS {'electricity': 1}
  t=189 ESSENTIAL STREAKS {'electricity': 1}
  t=190 ESSENTIAL STREAKS {'bread': 1}
  t=191 ESSENTIAL STREAKS {'bread': 2, 'electricity': 1}
  t=192 ESSENTIAL STREAKS {'bread': 3, 'electricity': 2}
  t=194 ESSENTIAL STREAKS {'electricity': 1, 'water': 1}
  t=195 ESSENTIAL STREAKS {'water': 2}
  t=196 ESSENTIAL STREAKS {'bread': 1, 'electricity': 1}
  t=197 ESSENTIAL STREAKS {'bread': 2}
  t=198 ESSENTIAL STREAKS {'bread': 3}
  t=199 ESSENTIAL STREAKS {'bread': 4}
  t=200 ESSENTIAL STREAKS {'bread': 5}
  t=200 top1=4904.0bp ess_peak=5
  t=201 ESSENTIAL STREAKS {'bread': 6}
  t=202 ESSENTIAL STREAKS {'electricity': 1}
  t=203 ESSENTIAL STREAKS {'electricity': 2, 'water': 1}
  t=205 ESSENTIAL STREAKS {'bread': 1, 'electricity': 1}
  t=206 ESSENTIAL STREAKS {'bread': 2, 'electricity': 2}
  t=207 ESSENTIAL STREAKS {'bread': 3}
  t=208 ESSENTIAL STREAKS {'water': 1, 'bread': 1}
  t=209 ESSENTIAL STREAKS {'bread': 2}
  t=210 ESSENTIAL STREAKS {'bread': 3}
  t=211 ESSENTIAL STREAKS {'bread': 4}
  t=212 ESSENTIAL STREAKS {'bread': 5, 'electricity': 1}
  t=213 ESSENTIAL STREAKS {'bread': 6, 'electricity': 2}
  t=214 ESSENTIAL STREAKS {'bread': 7}
  t=215 ESSENTIAL STREAKS {'bread': 8}
  t=216 ESSENTIAL STREAKS {'bread': 9}
  t=217 ESSENTIAL STREAKS {'bread': 10, 'electricity': 1}
  t=218 ESSENTIAL STREAKS {'bread': 11, 'electricity': 2}
  t=220 ESSENTIAL STREAKS {'electricity': 1}
  t=221 ESSENTIAL STREAKS {'bread': 1, 'electricity': 2}
  t=222 ESSENTIAL STREAKS {'bread': 2, 'electricity': 3}
  t=224 ESSENTIAL STREAKS {'electricity': 1, 'bread': 1}
  t=225 ESSENTIAL STREAKS {'electricity': 2, 'bread': 2}
  t=226 ESSENTIAL STREAKS {'water': 1, 'bread': 3}
  t=227 ESSENTIAL STREAKS {'water': 2, 'bread': 4}
  t=228 ESSENTIAL STREAKS {'water': 3, 'bread': 5, 'electricity': 1}
  t=229 ESSENTIAL STREAKS {'electricity': 2}
  t=231 ESSENTIAL STREAKS {'bread': 1}
  t=232 ESSENTIAL STREAKS {'bread': 2}
  t=233 ESSENTIAL STREAKS {'electricity': 1}
  t=234 ESSENTIAL STREAKS {'electricity': 2, 'bread': 1}
  t=235 ESSENTIAL STREAKS {'bread': 2}
  t=236 ESSENTIAL STREAKS {'water': 1}
  t=238 ESSENTIAL STREAKS {'electricity': 1}
  t=239 ESSENTIAL STREAKS {'bread': 1}
  t=240 ESSENTIAL STREAKS {'bread': 2, 'electricity': 1}
  t=241 ESSENTIAL STREAKS {'bread': 3}
  t=243 ESSENTIAL STREAKS {'electricity': 1, 'bread': 1, 'water': 1}
  t=244 ESSENTIAL STREAKS {'bread': 2}
  t=245 ESSENTIAL STREAKS {'bread': 3}
  t=246 ESSENTIAL STREAKS {'bread': 4}
  t=247 ESSENTIAL STREAKS {'bread': 5}
  t=248 ESSENTIAL STREAKS {'bread': 6}
  t=250 ESSENTIAL STREAKS {'bread': 1}
  t=251 ESSENTIAL STREAKS {'bread': 2}
  t=252 ESSENTIAL STREAKS {'electricity': 1}
  t=253 ESSENTIAL STREAKS {'bread': 1}
  t=254 ESSENTIAL STREAKS {'water': 1}
  t=257 ESSENTIAL STREAKS {'bread': 1}
  t=258 ESSENTIAL STREAKS {'bread': 2, 'electricity': 1}
  t=259 ESSENTIAL STREAKS {'electricity': 2, 'bread': 3}
  t=260 ESSENTIAL STREAKS {'bread': 4}
  t=261 ESSENTIAL STREAKS {'bread': 5}
  t=262 ESSENTIAL STREAKS {'water': 1, 'bread': 6}
  t=263 ESSENTIAL STREAKS {'electricity': 1}
  t=264 ESSENTIAL STREAKS {'electricity': 2, 'bread': 1}
  t=265 ESSENTIAL STREAKS {'bread': 2}
  t=267 ESSENTIAL STREAKS {'electricity': 1, 'bread': 1}
  t=268 ESSENTIAL STREAKS {'bread': 2, 'water': 1}
  t=270 ESSENTIAL STREAKS {'bread': 1}
  t=271 ESSENTIAL STREAKS {'bread': 2}
  t=272 ESSENTIAL STREAKS {'bread': 3, 'electricity': 1}
  t=273 ESSENTIAL STREAKS {'electricity': 2}
  t=274 ESSENTIAL STREAKS {'bread': 1, 'water': 1}
  t=275 ESSENTIAL STREAKS {'bread': 2}
  t=276 ESSENTIAL STREAKS {'bread': 3}
  t=277 ESSENTIAL STREAKS {'bread': 4, 'electricity': 1}
  t=278 ESSENTIAL STREAKS {'bread': 5}
  t=280 ESSENTIAL STREAKS {'bread': 1, 'water': 1}
  t=281 ESSENTIAL STREAKS {'bread': 2, 'electricity': 1}
  t=282 ESSENTIAL STREAKS {'electricity': 2, 'water': 1}
  t=283 ESSENTIAL STREAKS {'water': 2}
  t=284 ESSENTIAL STREAKS {'bread': 1}
  t=285 ESSENTIAL STREAKS {'bread': 2, 'electricity': 1}
  t=286 ESSENTIAL STREAKS {'bread': 3}
  t=287 ESSENTIAL STREAKS {'bread': 4}
  t=289 ESSENTIAL STREAKS {'bread': 1}
  t=290 ESSENTIAL STREAKS {'bread': 2, 'electricity': 1}
  t=291 ESSENTIAL STREAKS {'bread': 3}
  t=293 ESSENTIAL STREAKS {'electricity': 1}
  t=294 ESSENTIAL STREAKS {'bread': 1}
  t=295 ESSENTIAL STREAKS {'electricity': 1}
  t=297 ESSENTIAL STREAKS {'bread': 1}
  t=298 ESSENTIAL STREAKS {'bread': 2, 'electricity': 1}
  t=299 ESSENTIAL STREAKS {'electricity': 2}
  t=300 ESSENTIAL STREAKS {'bread': 1, 'electricity': 2}
  t=300 top1=4847.0bp ess_peak=2
  t=301 ESSENTIAL STREAKS {'bread': 2, 'electricity': 3}
  t=302 ESSENTIAL STREAKS {'electricity': 4, 'bread': 3}
  t=303 ESSENTIAL STREAKS {'water': 1}
  t=304 ESSENTIAL STREAKS {'bread': 1}
  t=306 ESSENTIAL STREAKS {'electricity': 1, 'water': 1}
  t=307 ESSENTIAL STREAKS {'electricity': 2}
  t=308 ESSENTIAL STREAKS {'water': 1, 'bread': 1}
  t=309 ESSENTIAL STREAKS {'bread': 2}
  t=310 ESSENTIAL STREAKS {'bread': 3}
  t=311 ESSENTIAL STREAKS {'bread': 4}
  t=312 ESSENTIAL STREAKS {'electricity': 1}
  t=313 ESSENTIAL STREAKS {'electricity': 2}
  t=314 ESSENTIAL STREAKS {'bread': 1, 'electricity': 3}
  t=315 ESSENTIAL STREAKS {'electricity': 4}
  t=316 ESSENTIAL STREAKS {'electricity': 5}
  t=317 ESSENTIAL STREAKS {'bread': 1}
  t=318 ESSENTIAL STREAKS {'bread': 2}
  t=319 ESSENTIAL STREAKS {'bread': 3}
  t=320 ESSENTIAL STREAKS {'bread': 4}
  t=321 ESSENTIAL STREAKS {'bread': 5, 'electricity': 1}
  t=322 ESSENTIAL STREAKS {'electricity': 2, 'bread': 6}
  t=323 ESSENTIAL STREAKS {'bread': 7}
  t=325 ESSENTIAL STREAKS {'electricity': 1}
  t=326 ESSENTIAL STREAKS {'bread': 1, 'electricity': 2}
  t=327 ESSENTIAL STREAKS {'bread': 2}
  t=329 ESSENTIAL STREAKS {'bread': 1}
  t=330 ESSENTIAL STREAKS {'bread': 2}
  t=331 ESSENTIAL STREAKS {'electricity': 1, 'bread': 3}
  t=332 ESSENTIAL STREAKS {'electricity': 2}
  t=333 ESSENTIAL STREAKS {'bread': 1}
  t=335 ESSENTIAL STREAKS {'bread': 1}
  t=336 ESSENTIAL STREAKS {'electricity': 1, 'bread': 2}
  t=340 ESSENTIAL STREAKS {'bread': 1}
  t=341 ESSENTIAL STREAKS {'bread': 2}
  t=342 ESSENTIAL STREAKS {'electricity': 1, 'water': 1}
  t=343 ESSENTIAL STREAKS {'electricity': 2, 'bread': 1}
  t=344 ESSENTIAL STREAKS {'bread': 2}
  t=345 ESSENTIAL STREAKS {'bread': 3}
  t=349 ESSENTIAL STREAKS {'bread': 1}
  t=350 ESSENTIAL STREAKS {'bread': 2}
  t=351 ESSENTIAL STREAKS {'bread': 3}
  t=352 ESSENTIAL STREAKS {'electricity': 1, 'bread': 4}
  t=353 ESSENTIAL STREAKS {'electricity': 2}
  t=354 ESSENTIAL STREAKS {'bread': 1}
  t=355 ESSENTIAL STREAKS {'bread': 2, 'electricity': 1}
  t=357 ESSENTIAL STREAKS {'water': 1}
  t=358 ESSENTIAL STREAKS {'bread': 1}
  t=360 ESSENTIAL STREAKS {'bread': 1, 'electricity': 1}
  t=361 ESSENTIAL STREAKS {'bread': 2}
  t=362 ESSENTIAL STREAKS {'electricity': 1}
  t=363 ESSENTIAL STREAKS {'electricity': 2}
  t=364 ESSENTIAL STREAKS {'electricity': 3, 'bread': 1}
  t=365 ESSENTIAL STREAKS {'bread': 2}
  t=366 ESSENTIAL STREAKS {'bread': 3}
  t=368 ESSENTIAL STREAKS {'bread': 1}
  t=369 ESSENTIAL STREAKS {'electricity': 1}
  t=370 ESSENTIAL STREAKS {'bread': 1}
  t=371 ESSENTIAL STREAKS {'bread': 2, 'electricity': 1}
  t=372 ESSENTIAL STREAKS {'electricity': 2}
  t=373 ESSENTIAL STREAKS {'bread': 1}
  t=374 ESSENTIAL STREAKS {'electricity': 1, 'bread': 2}
  t=375 ESSENTIAL STREAKS {'bread': 3}
  t=376 ESSENTIAL STREAKS {'bread': 4}
  t=377 ESSENTIAL STREAKS {'electricity': 1}
  t=378 ESSENTIAL STREAKS {'electricity': 2, 'bread': 1}
  t=379 ESSENTIAL STREAKS {'electricity': 3}
  t=380 ESSENTIAL STREAKS {'bread': 1}
  t=381 ESSENTIAL STREAKS {'bread': 2}
  t=382 ESSENTIAL STREAKS {'electricity': 1}
  t=383 ESSENTIAL STREAKS {'bread': 1}
  t=384 ESSENTIAL STREAKS {'electricity': 1}
  t=386 ESSENTIAL STREAKS {'bread': 1, 'electricity': 1}
  t=387 ESSENTIAL STREAKS {'bread': 2, 'electricity': 2}
  t=389 ESSENTIAL STREAKS {'bread': 1}
  t=390 ESSENTIAL STREAKS {'bread': 2}
  t=391 ESSENTIAL STREAKS {'bread': 3}
  t=392 ESSENTIAL STREAKS {'electricity': 1}
  t=393 ESSENTIAL STREAKS {'bread': 1}
  t=394 ESSENTIAL STREAKS {'bread': 2}
  t=396 ESSENTIAL STREAKS {'bread': 1}
  t=397 ESSENTIAL STREAKS {'bread': 2}
  t=398 ESSENTIAL STREAKS {'bread': 3, 'electricity': 1}
  t=400 ESSENTIAL STREAKS {'bread': 1, 'electricity': 1}
  t=400 top1=4779.0bp ess_peak=1
  t=401 ESSENTIAL STREAKS {'bread': 2}
  t=402 ESSENTIAL STREAKS {'electricity': 1}
  t=403 ESSENTIAL STREAKS {'bread': 1}
  t=404 ESSENTIAL STREAKS {'bread': 2, 'electricity': 1}
  t=405 ESSENTIAL STREAKS {'electricity': 2, 'bread': 3}
  t=406 ESSENTIAL STREAKS {'electricity': 3, 'bread': 4}
  t=407 ESSENTIAL STREAKS {'bread': 5}
  t=408 ESSENTIAL STREAKS {'water': 1}
  t=409 ESSENTIAL STREAKS {'bread': 1}
  t=410 ESSENTIAL STREAKS {'bread': 2, 'electricity': 1}
  t=411 ESSENTIAL STREAKS {'bread': 3}
  t=412 ESSENTIAL STREAKS {'electricity': 1}
  t=413 ESSENTIAL STREAKS {'electricity': 2}
  t=414 ESSENTIAL STREAKS {'bread': 1}
  t=416 ESSENTIAL STREAKS {'electricity': 1, 'bread': 1}
  t=418 ESSENTIAL STREAKS {'water': 1, 'bread': 1}
  t=420 ESSENTIAL STREAKS {'bread': 1}
  t=421 ESSENTIAL STREAKS {'bread': 2}
  t=422 ESSENTIAL STREAKS {'electricity': 1}
  t=423 ESSENTIAL STREAKS {'electricity': 2}
  t=424 ESSENTIAL STREAKS {'water': 1, 'electricity': 3}
  t=425 ESSENTIAL STREAKS {'bread': 1, 'electricity': 4}
  t=426 ESSENTIAL STREAKS {'bread': 2, 'electricity': 5}
  t=428 ESSENTIAL STREAKS {'bread': 1}
  t=429 ESSENTIAL STREAKS {'electricity': 1}
  t=430 ESSENTIAL STREAKS {'bread': 1}
  t=431 ESSENTIAL STREAKS {'electricity': 1}
  t=432 ESSENTIAL STREAKS {'electricity': 2, 'bread': 1}
  t=433 ESSENTIAL STREAKS {'electricity': 3, 'bread': 2}
  t=434 ESSENTIAL STREAKS {'bread': 3}
  t=435 ESSENTIAL STREAKS {'bread': 4, 'electricity': 1}
  t=436 ESSENTIAL STREAKS {'electricity': 2}
  t=438 ESSENTIAL STREAKS {'electricity': 1, 'bread': 1}
  t=439 ESSENTIAL STREAKS {'bread': 2}
  t=440 ESSENTIAL STREAKS {'electricity': 1}
  t=441 ESSENTIAL STREAKS {'electricity': 2, 'bread': 1}
  t=442 ESSENTIAL STREAKS {'electricity': 3, 'bread': 2}
  t=443 ESSENTIAL STREAKS {'bread': 3}
  t=445 ESSENTIAL STREAKS {'bread': 1}
  t=446 ESSENTIAL STREAKS {'bread': 2, 'electricity': 1}
  t=447 ESSENTIAL STREAKS {'bread': 3}
  t=448 ESSENTIAL STREAKS {'bread': 1}
  t=449 ESSENTIAL STREAKS {'bread': 2}
  t=450 ESSENTIAL STREAKS {'bread': 3}
  t=451 ESSENTIAL STREAKS {'bread': 4}
  t=452 ESSENTIAL STREAKS {'bread': 5, 'electricity': 1}
  t=453 ESSENTIAL STREAKS {'electricity': 2}
  t=454 ESSENTIAL STREAKS {'water': 1, 'bread': 1}
  t=455 ESSENTIAL STREAKS {'bread': 2}
  t=456 ESSENTIAL STREAKS {'electricity': 1, 'bread': 3}
  t=457 ESSENTIAL STREAKS {'electricity': 2, 'bread': 4}
  t=461 ESSENTIAL STREAKS {'bread': 1, 'electricity': 1, 'water': 1}
  t=462 ESSENTIAL STREAKS {'electricity': 2, 'bread': 2}
  t=464 ESSENTIAL STREAKS {'bread': 1, 'electricity': 1}
  t=465 ESSENTIAL STREAKS {'electricity': 2}
  t=466 ESSENTIAL STREAKS {'electricity': 3, 'bread': 1}
  t=467 ESSENTIAL STREAKS {'bread': 2}
  t=468 ESSENTIAL STREAKS {'bread': 3}
  t=470 ESSENTIAL STREAKS {'bread': 1}
  t=471 ESSENTIAL STREAKS {'bread': 2, 'electricity': 1}
  t=472 ESSENTIAL STREAKS {'bread': 3, 'electricity': 2}
  t=474 ESSENTIAL STREAKS {'bread': 1}
  t=476 ESSENTIAL STREAKS {'bread': 1, 'electricity': 1}
  t=477 ESSENTIAL STREAKS {'bread': 2}
  t=479 ESSENTIAL STREAKS {'bread': 1}
  t=480 ESSENTIAL STREAKS {'bread': 2, 'water': 1}
  t=481 ESSENTIAL STREAKS {'bread': 3, 'electricity': 1}
  t=482 ESSENTIAL STREAKS {'electricity': 2, 'water': 1}
  t=483 ESSENTIAL STREAKS {'electricity': 3, 'bread': 1}
  t=486 ESSENTIAL STREAKS {'bread': 1}
  t=487 ESSENTIAL STREAKS {'electricity': 1, 'bread': 2}
  t=488 ESSENTIAL STREAKS {'bread': 3, 'water': 1}
  t=489 ESSENTIAL STREAKS {'bread': 4}
  t=490 ESSENTIAL STREAKS {'bread': 5, 'electricity': 1}
  t=491 ESSENTIAL STREAKS {'electricity': 2}
  t=493 ESSENTIAL STREAKS {'bread': 1}
  t=495 ESSENTIAL STREAKS {'electricity': 1, 'bread': 1}
  t=496 ESSENTIAL STREAKS {'bread': 2, 'electricity': 2}
  t=498 ESSENTIAL STREAKS {'bread': 1}
  t=500 top1=4713.0bp ess_peak=0
  t=501 ESSENTIAL STREAKS {'bread': 1, 'electricity': 1}
  t=502 ESSENTIAL STREAKS {'bread': 2}
  t=503 ESSENTIAL STREAKS {'electricity': 1, 'bread': 3, 'water': 1}
  t=505 ESSENTIAL STREAKS {'electricity': 1}
  t=506 ESSENTIAL STREAKS {'bread': 1, 'electricity': 2}
  t=507 ESSENTIAL STREAKS {'bread': 2}
  t=510 ESSENTIAL STREAKS {'bread': 1}
  t=511 ESSENTIAL STREAKS {'bread': 2}
  t=512 ESSENTIAL STREAKS {'electricity': 1, 'bread': 3}
  t=513 ESSENTIAL STREAKS {'electricity': 2, 'bread': 4}
  t=514 ESSENTIAL STREAKS {'water': 1}
  t=517 ESSENTIAL STREAKS {'electricity': 1}
  t=518 ESSENTIAL STREAKS {'bread': 1}
  t=519 ESSENTIAL STREAKS {'bread': 2}
  t=520 ESSENTIAL STREAKS {'bread': 3}
  t=521 ESSENTIAL STREAKS {'bread': 4, 'electricity': 1}
  t=522 ESSENTIAL STREAKS {'bread': 5}
  t=523 ESSENTIAL STREAKS {'water': 1}
  t=524 ESSENTIAL STREAKS {'bread': 1, 'electricity': 1}
  t=525 ESSENTIAL STREAKS {'electricity': 2, 'bread': 2}
  t=526 ESSENTIAL STREAKS {'bread': 3}
  t=529 ESSENTIAL STREAKS {'water': 1, 'bread': 1}
  t=530 ESSENTIAL STREAKS {'bread': 2}
  t=531 ESSENTIAL STREAKS {'bread': 3}
  t=532 ESSENTIAL STREAKS {'electricity': 1, 'bread': 4, 'water': 1}
  t=533 ESSENTIAL STREAKS {'electricity': 2}
  t=534 ESSENTIAL STREAKS {'bread': 1}
  t=535 ESSENTIAL STREAKS {'bread': 2}
  t=536 ESSENTIAL STREAKS {'bread': 3, 'electricity': 1}
  t=537 ESSENTIAL STREAKS {'bread': 4, 'electricity': 2}
  t=539 ESSENTIAL STREAKS {'bread': 1}
  t=540 ESSENTIAL STREAKS {'bread': 2}
  t=541 ESSENTIAL STREAKS {'bread': 3}
  t=542 ESSENTIAL STREAKS {'electricity': 1}
  t=544 ESSENTIAL STREAKS {'electricity': 1, 'bread': 1}
  t=545 ESSENTIAL STREAKS {'electricity': 2}
  t=546 ESSENTIAL STREAKS {'water': 1}
  t=548 ESSENTIAL STREAKS {'bread': 1, 'water': 1}
  t=549 ESSENTIAL STREAKS {'bread': 2}
  t=550 ESSENTIAL STREAKS {'bread': 3}
  t=552 ESSENTIAL STREAKS {'bread': 1, 'electricity': 1}
  t=554 ESSENTIAL STREAKS {'electricity': 1}
  t=556 ESSENTIAL STREAKS {'bread': 1, 'electricity': 1}
  t=557 ESSENTIAL STREAKS {'bread': 2, 'electricity': 2}
  t=558 ESSENTIAL STREAKS {'bread': 3}
  t=560 ESSENTIAL STREAKS {'bread': 1}
  t=561 ESSENTIAL STREAKS {'bread': 2}
  t=562 ESSENTIAL STREAKS {'electricity': 1}
  t=563 ESSENTIAL STREAKS {'electricity': 2, 'bread': 1}
  t=564 ESSENTIAL STREAKS {'electricity': 3, 'bread': 2}
  t=565 ESSENTIAL STREAKS {'electricity': 4, 'bread': 3}
  t=566 ESSENTIAL STREAKS {'electricity': 5}
  t=568 ESSENTIAL STREAKS {'bread': 1}
  t=569 ESSENTIAL STREAKS {'bread': 2}
  t=571 ESSENTIAL STREAKS {'bread': 1}
  t=572 ESSENTIAL STREAKS {'bread': 2, 'electricity': 1, 'water': 1}
  t=573 ESSENTIAL STREAKS {'electricity': 2, 'bread': 3}
  t=574 ESSENTIAL STREAKS {'bread': 4}
  t=575 ESSENTIAL STREAKS {'bread': 5, 'electricity': 1}
  t=576 ESSENTIAL STREAKS {'bread': 6, 'electricity': 2}
  t=577 ESSENTIAL STREAKS {'bread': 7}
  t=578 ESSENTIAL STREAKS {'water': 1}
  t=579 ESSENTIAL STREAKS {'bread': 1}
  t=580 ESSENTIAL STREAKS {'bread': 2}
  t=581 ESSENTIAL STREAKS {'bread': 3}
  t=582 ESSENTIAL STREAKS {'electricity': 1}
  t=583 ESSENTIAL STREAKS {'bread': 1}
  t=584 ESSENTIAL STREAKS {'bread': 1}
  t=585 ESSENTIAL STREAKS {'electricity': 1}
  t=586 ESSENTIAL STREAKS {'electricity': 2, 'bread': 1}
  t=587 ESSENTIAL STREAKS {'bread': 2}
  t=588 ESSENTIAL STREAKS {'bread': 3}
  t=589 ESSENTIAL STREAKS {'electricity': 1}
  t=590 ESSENTIAL STREAKS {'bread': 1}
  t=591 ESSENTIAL STREAKS {'bread': 2}
  t=592 ESSENTIAL STREAKS {'electricity': 1}
  t=593 ESSENTIAL STREAKS {'bread': 1}
  t=594 ESSENTIAL STREAKS {'water': 1, 'bread': 2}
  t=596 ESSENTIAL STREAKS {'bread': 1}
  t=597 ESSENTIAL STREAKS {'bread': 2, 'electricity': 1}
  t=598 ESSENTIAL STREAKS {'electricity': 2}
  t=600 ESSENTIAL STREAKS {'water': 1, 'bread': 1}
  t=600 top1=4646.0bp ess_peak=1
  t=601 ESSENTIAL STREAKS {'bread': 2}
  t=602 ESSENTIAL STREAKS {'electricity': 1}
  t=603 ESSENTIAL STREAKS {'electricity': 2}
  t=604 ESSENTIAL STREAKS {'bread': 1, 'water': 1}
  t=606 ESSENTIAL STREAKS {'bread': 1, 'electricity': 1}
  t=607 ESSENTIAL STREAKS {'bread': 2, 'electricity': 2}
  t=608 ESSENTIAL STREAKS {'bread': 3, 'electricity': 3}
  t=609 ESSENTIAL STREAKS {'bread': 4}
  t=611 ESSENTIAL STREAKS {'bread': 1}
  t=612 ESSENTIAL STREAKS {'electricity': 1, 'water': 1, 'bread': 1}
  t=613 ESSENTIAL STREAKS {'bread': 2}
  t=614 ESSENTIAL STREAKS {'bread': 3, 'water': 1}
  t=615 ESSENTIAL STREAKS {'electricity': 1}
  t=616 ESSENTIAL STREAKS {'bread': 1}
  t=617 ESSENTIAL STREAKS {'bread': 2, 'electricity': 1}
  t=618 ESSENTIAL STREAKS {'water': 1}
  t=619 ESSENTIAL STREAKS {'bread': 1, 'electricity': 1}
  t=620 ESSENTIAL STREAKS {'bread': 2}
  t=621 ESSENTIAL STREAKS {'bread': 3, 'electricity': 1}
  t=622 ESSENTIAL STREAKS {'bread': 4, 'electricity': 2}
  t=624 ESSENTIAL STREAKS {'electricity': 1}
  t=625 ESSENTIAL STREAKS {'electricity': 2}
  t=626 ESSENTIAL STREAKS {'bread': 1}
  t=627 ESSENTIAL STREAKS {'bread': 2}
  t=629 ESSENTIAL STREAKS {'bread': 1}
  t=630 ESSENTIAL STREAKS {'bread': 2}
  t=631 ESSENTIAL STREAKS {'bread': 3}
  t=632 ESSENTIAL STREAKS {'bread': 4, 'electricity': 1}
  t=633 ESSENTIAL STREAKS {'bread': 5}
  t=634 ESSENTIAL STREAKS {'bread': 6, 'water': 1}
  t=635 ESSENTIAL STREAKS {'electricity': 1}
  t=636 ESSENTIAL STREAKS {'bread': 1}
  t=637 ESSENTIAL STREAKS {'bread': 2}
  t=638 ESSENTIAL STREAKS {'bread': 1}
  t=639 ESSENTIAL STREAKS {'electricity': 1}
  t=640 ESSENTIAL STREAKS {'bread': 1}
  t=641 ESSENTIAL STREAKS {'bread': 2}
  t=642 ESSENTIAL STREAKS {'electricity': 1}
  t=643 ESSENTIAL STREAKS {'electricity': 2, 'bread': 1}
  t=644 ESSENTIAL STREAKS {'bread': 2, 'electricity': 3, 'water': 1}
  t=645 ESSENTIAL STREAKS {'bread': 3, 'electricity': 4}
  t=647 ESSENTIAL STREAKS {'bread': 1, 'electricity': 1}
  t=648 ESSENTIAL STREAKS {'electricity': 2}
  t=649 ESSENTIAL STREAKS {'bread': 1}
  t=650 ESSENTIAL STREAKS {'bread': 2}
  t=651 ESSENTIAL STREAKS {'bread': 3}
  t=652 ESSENTIAL STREAKS {'electricity': 1}
  t=653 ESSENTIAL STREAKS {'bread': 1, 'electricity': 2}
  t=656 ESSENTIAL STREAKS {'electricity': 1, 'bread': 1}
  t=657 ESSENTIAL STREAKS {'bread': 2, 'electricity': 2}
  t=658 ESSENTIAL STREAKS {'bread': 3}
  t=659 ESSENTIAL STREAKS {'bread': 4, 'electricity': 1}
  t=661 ESSENTIAL STREAKS {'bread': 1, 'electricity': 1}
  t=662 ESSENTIAL STREAKS {'electricity': 2, 'water': 1}
  t=663 ESSENTIAL STREAKS {'bread': 1}
  t=666 ESSENTIAL STREAKS {'bread': 1}
  t=667 ESSENTIAL STREAKS {'bread': 2}
  t=669 ESSENTIAL STREAKS {'electricity': 1, 'bread': 1}
  t=670 ESSENTIAL STREAKS {'bread': 2}
  t=671 ESSENTIAL STREAKS {'bread': 3}
  t=672 ESSENTIAL STREAKS {'electricity': 1}
  t=673 ESSENTIAL STREAKS {'electricity': 2}
  t=674 ESSENTIAL STREAKS {'bread': 1, 'electricity': 3}
  t=675 ESSENTIAL STREAKS {'electricity': 4}
  t=676 ESSENTIAL STREAKS {'electricity': 5, 'bread': 1}
  t=678 ESSENTIAL STREAKS {'bread': 1, 'water': 1}
  t=680 ESSENTIAL STREAKS {'bread': 1}
  t=681 ESSENTIAL STREAKS {'bread': 2}
  t=682 ESSENTIAL STREAKS {'electricity': 1}
  t=683 ESSENTIAL STREAKS {'electricity': 2, 'bread': 1}
  t=684 ESSENTIAL STREAKS {'bread': 2, 'water': 1}
  t=685 ESSENTIAL STREAKS {'bread': 3, 'electricity': 1}
  t=686 ESSENTIAL STREAKS {'bread': 4}
  t=687 ESSENTIAL STREAKS {'electricity': 1, 'bread': 5}
  t=688 ESSENTIAL STREAKS {'electricity': 2, 'bread': 6}
  t=689 ESSENTIAL STREAKS {'bread': 7}
  t=690 ESSENTIAL STREAKS {'bread': 8, 'water': 1}
  t=691 ESSENTIAL STREAKS {'bread': 9}
  t=692 ESSENTIAL STREAKS {'electricity': 1, 'bread': 1}
  t=693 ESSENTIAL STREAKS {'bread': 2, 'electricity': 2}
  t=694 ESSENTIAL STREAKS {'bread': 3, 'electricity': 3}
  t=695 ESSENTIAL STREAKS {'electricity': 4}
  t=696 ESSENTIAL STREAKS {'bread': 1}
  t=697 ESSENTIAL STREAKS {'bread': 2}
  t=699 ESSENTIAL STREAKS {'bread': 1}
  t=700 ESSENTIAL STREAKS {'bread': 2}
  t=700 top1=4580.0bp ess_peak=2
  t=701 ESSENTIAL STREAKS {'bread': 3}
  t=702 ESSENTIAL STREAKS {'bread': 4}
  t=703 ESSENTIAL STREAKS {'electricity': 1}
  t=704 ESSENTIAL STREAKS {'bread': 1}
  t=705 ESSENTIAL STREAKS {'bread': 2}
  t=706 ESSENTIAL STREAKS {'electricity': 1}
  t=707 ESSENTIAL STREAKS {'electricity': 2}
  t=708 ESSENTIAL STREAKS {'bread': 1}
  t=709 ESSENTIAL STREAKS {'electricity': 1}
  t=710 ESSENTIAL STREAKS {'bread': 1}
  t=711 ESSENTIAL STREAKS {'bread': 2, 'water': 1}
  t=712 ESSENTIAL STREAKS {'electricity': 1}
  t=713 ESSENTIAL STREAKS {'bread': 1, 'electricity': 2}
  t=714 ESSENTIAL STREAKS {'electricity': 3}
  t=716 ESSENTIAL STREAKS {'electricity': 1, 'bread': 1}
  t=718 ESSENTIAL STREAKS {'electricity': 1, 'bread': 1}
  t=719 ESSENTIAL STREAKS {'bread': 2}
  t=720 ESSENTIAL STREAKS {'bread': 3, 'electricity': 1}
  t=721 ESSENTIAL STREAKS {'electricity': 2, 'bread': 4}
  t=722 ESSENTIAL STREAKS {'bread': 5}
  t=723 ESSENTIAL STREAKS {'electricity': 1}
  t=724 ESSENTIAL STREAKS {'bread': 1}
  t=725 ESSENTIAL STREAKS {'bread': 2, 'water': 1}
  t=726 ESSENTIAL STREAKS {'bread': 3, 'electricity': 1}
  t=727 ESSENTIAL STREAKS {'electricity': 2}
  t=728 ESSENTIAL STREAKS {'electricity': 3}
  t=729 ESSENTIAL STREAKS {'electricity': 4}
  t=730 ESSENTIAL STREAKS {'bread': 1}
  t=731 ESSENTIAL STREAKS {'bread': 2}
  t=733 ESSENTIAL STREAKS {'bread': 1, 'electricity': 1}
  t=734 ESSENTIAL STREAKS {'electricity': 2}
  t=735 ESSENTIAL STREAKS {'bread': 1}
  t=736 ESSENTIAL STREAKS {'electricity': 1, 'bread': 2}
  t=737 ESSENTIAL STREAKS {'bread': 3}
  t=739 ESSENTIAL STREAKS {'electricity': 1}
  t=740 ESSENTIAL STREAKS {'bread': 1}
  t=741 ESSENTIAL STREAKS {'bread': 2, 'electricity': 1}
  t=742 ESSENTIAL STREAKS {'electricity': 2}
  t=743 ESSENTIAL STREAKS {'bread': 1}
  t=744 ESSENTIAL STREAKS {'bread': 2}
  t=745 ESSENTIAL STREAKS {'electricity': 1}
  t=746 ESSENTIAL STREAKS {'electricity': 2, 'bread': 1}
  t=747 ESSENTIAL STREAKS {'bread': 2}
  t=750 ESSENTIAL STREAKS {'bread': 1}
  t=752 ESSENTIAL STREAKS {'electricity': 1}
  t=753 ESSENTIAL STREAKS {'electricity': 2}
  t=754 ESSENTIAL STREAKS {'electricity': 3, 'bread': 1}
  t=755 ESSENTIAL STREAKS {'electricity': 4, 'water': 1}
  t=756 ESSENTIAL STREAKS {'electricity': 5, 'bread': 1}
  t=757 ESSENTIAL STREAKS {'bread': 2}
  t=758 ESSENTIAL STREAKS {'bread': 3, 'water': 1, 'electricity': 1}
  t=759 ESSENTIAL STREAKS {'bread': 4}
  t=760 ESSENTIAL STREAKS {'bread': 5}
  t=761 ESSENTIAL STREAKS {'bread': 6, 'electricity': 1}
  t=762 ESSENTIAL STREAKS {'electricity': 2, 'bread': 7, 'water': 1}
  t=763 ESSENTIAL STREAKS {'water': 2}
  t=764 ESSENTIAL STREAKS {'water': 3, 'electricity': 1, 'bread': 1}
  t=765 ESSENTIAL STREAKS {'water': 4, 'electricity': 2, 'bread': 2}
  t=766 ESSENTIAL STREAKS {'electricity': 3, 'bread': 3}
  t=767 ESSENTIAL STREAKS {'bread': 4}
  t=768 ESSENTIAL STREAKS {'bread': 5}
  t=770 ESSENTIAL STREAKS {'water': 1}
  t=771 ESSENTIAL STREAKS {'bread': 1}
  t=772 ESSENTIAL STREAKS {'bread': 2, 'electricity': 1}
  t=773 ESSENTIAL STREAKS {'electricity': 2}
  t=774 ESSENTIAL STREAKS {'electricity': 3, 'bread': 1}
  t=775 ESSENTIAL STREAKS {'bread': 2}
  t=777 ESSENTIAL STREAKS {'bread': 1}
  t=778 ESSENTIAL STREAKS {'bread': 2}
  t=780 ESSENTIAL STREAKS {'bread': 1, 'water': 1}
  t=781 ESSENTIAL STREAKS {'bread': 2}
  t=782 ESSENTIAL STREAKS {'electricity': 1, 'bread': 3}
  t=783 ESSENTIAL STREAKS {'electricity': 2}
  t=785 ESSENTIAL STREAKS {'bread': 1, 'electricity': 1}
  t=786 ESSENTIAL STREAKS {'bread': 2, 'electricity': 2}
  t=787 ESSENTIAL STREAKS {'bread': 3}
  t=788 ESSENTIAL STREAKS {'bread': 4}
  t=789 ESSENTIAL STREAKS {'bread': 5}
  t=790 ESSENTIAL STREAKS {'bread': 6, 'water': 1}
  t=791 ESSENTIAL STREAKS {'bread': 7}
  t=792 ESSENTIAL STREAKS {'bread': 8, 'electricity': 1}
  t=793 ESSENTIAL STREAKS {'bread': 9}
  t=794 ESSENTIAL STREAKS {'bread': 10}
  t=795 ESSENTIAL STREAKS {'electricity': 1}
  t=796 ESSENTIAL STREAKS {'electricity': 2, 'bread': 1}
  t=797 ESSENTIAL STREAKS {'bread': 2}
  t=798 ESSENTIAL STREAKS {'bread': 3}
  t=800 ESSENTIAL STREAKS {'bread': 1}
  t=800 top1=4519.0bp ess_peak=1
  t=801 ESSENTIAL STREAKS {'bread': 2}
  t=802 ESSENTIAL STREAKS {'electricity': 1}
  t=803 ESSENTIAL STREAKS {'water': 1, 'bread': 1}
  t=804 ESSENTIAL STREAKS {'water': 2, 'electricity': 1}
  t=805 ESSENTIAL STREAKS {'electricity': 2, 'bread': 1}
  t=806 ESSENTIAL STREAKS {'bread': 2}
  t=807 ESSENTIAL STREAKS {'electricity': 1}
  t=809 ESSENTIAL STREAKS {'bread': 1}
  t=810 ESSENTIAL STREAKS {'bread': 2}
  t=811 ESSENTIAL STREAKS {'bread': 3}
  t=812 ESSENTIAL STREAKS {'bread': 4, 'electricity': 1}
  t=814 ESSENTIAL STREAKS {'bread': 1}
  t=815 ESSENTIAL STREAKS {'electricity': 1, 'bread': 2}
  t=816 ESSENTIAL STREAKS {'bread': 3}
  t=817 ESSENTIAL STREAKS {'bread': 4}
  t=819 ESSENTIAL STREAKS {'electricity': 1, 'bread': 1}
  t=820 ESSENTIAL STREAKS {'bread': 2}
  t=821 ESSENTIAL STREAKS {'bread': 3}
  t=822 ESSENTIAL STREAKS {'bread': 4}
  t=823 ESSENTIAL STREAKS {'electricity': 1}
  t=824 ESSENTIAL STREAKS {'electricity': 2}
  t=825 ESSENTIAL STREAKS {'bread': 1, 'water': 1}
  t=826 ESSENTIAL STREAKS {'bread': 2}
  t=827 ESSENTIAL STREAKS {'bread': 3}
  t=828 ESSENTIAL STREAKS {'water': 1}
  t=829 ESSENTIAL STREAKS {'bread': 1}
  t=830 ESSENTIAL STREAKS {'electricity': 1, 'bread': 2}
  t=831 ESSENTIAL STREAKS {'bread': 3}
  t=832 ESSENTIAL STREAKS {'electricity': 1}
  t=833 ESSENTIAL STREAKS {'electricity': 2}
  t=834 ESSENTIAL STREAKS {'bread': 1}
  t=835 ESSENTIAL STREAKS {'bread': 2, 'electricity': 1}
  t=839 ESSENTIAL STREAKS {'bread': 1}
  t=840 ESSENTIAL STREAKS {'bread': 2}
  t=841 ESSENTIAL STREAKS {'bread': 3}
  t=843 ESSENTIAL STREAKS {'electricity': 1, 'water': 1, 'bread': 1}
  t=844 ESSENTIAL STREAKS {'electricity': 2, 'bread': 2}
  t=845 ESSENTIAL STREAKS {'bread': 3}
  t=846 ESSENTIAL STREAKS {'bread': 4}
  t=848 ESSENTIAL STREAKS {'bread': 1, 'water': 1}
  t=849 ESSENTIAL STREAKS {'bread': 2}
  t=850 ESSENTIAL STREAKS {'bread': 3}
  t=851 ESSENTIAL STREAKS {'bread': 4}
  t=852 ESSENTIAL STREAKS {'electricity': 1}
  t=853 ESSENTIAL STREAKS {'bread': 1}
  t=854 ESSENTIAL STREAKS {'water': 1}
  t=856 ESSENTIAL STREAKS {'bread': 1, 'electricity': 1}
  t=857 ESSENTIAL STREAKS {'electricity': 2}
  t=858 ESSENTIAL STREAKS {'electricity': 3, 'bread': 1}
  t=859 ESSENTIAL STREAKS {'bread': 2}
  t=860 ESSENTIAL STREAKS {'bread': 3}
  t=861 ESSENTIAL STREAKS {'bread': 4}
  t=862 ESSENTIAL STREAKS {'electricity': 1}
  t=863 ESSENTIAL STREAKS {'electricity': 2, 'bread': 1}
  t=864 ESSENTIAL STREAKS {'bread': 2}
  t=865 ESSENTIAL STREAKS {'water': 1, 'bread': 3, 'electricity': 1}
  t=866 ESSENTIAL STREAKS {'electricity': 2, 'bread': 4}
  t=867 ESSENTIAL STREAKS {'electricity': 3, 'bread': 5}
  t=868 ESSENTIAL STREAKS {'bread': 6}
  t=870 ESSENTIAL STREAKS {'electricity': 1}
  t=871 ESSENTIAL STREAKS {'bread': 1, 'water': 1}
  t=872 ESSENTIAL STREAKS {'electricity': 1}
  t=873 ESSENTIAL STREAKS {'electricity': 2}
  t=874 ESSENTIAL STREAKS {'bread': 1}
  t=876 ESSENTIAL STREAKS {'bread': 1, 'electricity': 1}
  t=877 ESSENTIAL STREAKS {'electricity': 2}
  t=878 ESSENTIAL STREAKS {'bread': 1}
  t=879 ESSENTIAL STREAKS {'bread': 1}
  t=880 ESSENTIAL STREAKS {'bread': 2}
  t=881 ESSENTIAL STREAKS {'bread': 3, 'water': 1}
  t=882 ESSENTIAL STREAKS {'bread': 4, 'electricity': 1}
  t=883 ESSENTIAL STREAKS {'bread': 5, 'electricity': 2, 'water': 1}
  t=884 ESSENTIAL STREAKS {'electricity': 3}
  t=885 ESSENTIAL STREAKS {'bread': 1, 'electricity': 3}
  t=886 ESSENTIAL STREAKS {'electricity': 4, 'bread': 1}
  t=887 ESSENTIAL STREAKS {'bread': 2, 'electricity': 5}
  t=888 ESSENTIAL STREAKS {'electricity': 6, 'bread': 3}
  t=890 ESSENTIAL STREAKS {'bread': 1}
  t=891 ESSENTIAL STREAKS {'bread': 2}
  t=892 ESSENTIAL STREAKS {'electricity': 1, 'bread': 3}
  t=893 ESSENTIAL STREAKS {'electricity': 2}
  t=895 ESSENTIAL STREAKS {'bread': 1}
  t=896 ESSENTIAL STREAKS {'bread': 2}
  t=897 ESSENTIAL STREAKS {'electricity': 1}
  t=898 ESSENTIAL STREAKS {'bread': 1}
  t=899 ESSENTIAL STREAKS {'bread': 2}
  t=900 ESSENTIAL STREAKS {'bread': 3, 'electricity': 1}
  t=900 top1=4444.0bp ess_peak=3
  t=902 ESSENTIAL STREAKS {'bread': 1}
  t=903 ESSENTIAL STREAKS {'electricity': 1, 'bread': 2}
  t=905 ESSENTIAL STREAKS {'bread': 1}
  t=906 ESSENTIAL STREAKS {'electricity': 1, 'bread': 2}
  t=907 ESSENTIAL STREAKS {'electricity': 2}
  t=908 ESSENTIAL STREAKS {'bread': 1}
  t=910 ESSENTIAL STREAKS {'bread': 1}
  t=911 ESSENTIAL STREAKS {'bread': 2, 'electricity': 1}
  t=912 ESSENTIAL STREAKS {'electricity': 2}
  t=913 ESSENTIAL STREAKS {'bread': 1}
  t=914 ESSENTIAL STREAKS {'bread': 2, 'electricity': 1}
  t=915 ESSENTIAL STREAKS {'electricity': 2, 'bread': 3}
  t=916 ESSENTIAL STREAKS {'electricity': 3}
  t=917 ESSENTIAL STREAKS {'bread': 1}
  t=918 ESSENTIAL STREAKS {'bread': 2, 'electricity': 1}
  t=919 ESSENTIAL STREAKS {'bread': 3, 'electricity': 2}
  t=921 ESSENTIAL STREAKS {'bread': 1, 'electricity': 1}
  t=922 ESSENTIAL STREAKS {'electricity': 2}
  t=924 ESSENTIAL STREAKS {'bread': 1}
  t=925 ESSENTIAL STREAKS {'electricity': 1}
  t=926 ESSENTIAL STREAKS {'bread': 1}
  t=928 ESSENTIAL STREAKS {'bread': 1, 'electricity': 1}
  t=929 ESSENTIAL STREAKS {'bread': 2}
  t=930 ESSENTIAL STREAKS {'bread': 3}
  t=931 ESSENTIAL STREAKS {'bread': 4}
  t=932 ESSENTIAL STREAKS {'electricity': 1}
  t=933 ESSENTIAL STREAKS {'bread': 1}
  t=934 ESSENTIAL STREAKS {'bread': 2}
  t=935 ESSENTIAL STREAKS {'bread': 3, 'electricity': 1}
  t=936 ESSENTIAL STREAKS {'bread': 4, 'electricity': 2}
  t=939 ESSENTIAL STREAKS {'bread': 1, 'electricity': 1}
  t=940 ESSENTIAL STREAKS {'bread': 1}
  t=941 ESSENTIAL STREAKS {'electricity': 1, 'bread': 2}
  t=942 ESSENTIAL STREAKS {'electricity': 2, 'bread': 1}
  t=943 ESSENTIAL STREAKS {'electricity': 3, 'bread': 1}
  t=944 ESSENTIAL STREAKS {'bread': 2, 'water': 1}
  t=945 ESSENTIAL STREAKS {'bread': 1}
  t=946 ESSENTIAL STREAKS {'electricity': 1, 'bread': 1}
  t=947 ESSENTIAL STREAKS {'electricity': 2, 'bread': 2}
  t=948 ESSENTIAL STREAKS {'bread': 3}
  t=949 ESSENTIAL STREAKS {'bread': 4}
  t=950 ESSENTIAL STREAKS {'bread': 5}
  t=951 ESSENTIAL STREAKS {'bread': 6}
  t=952 ESSENTIAL STREAKS {'electricity': 1}
  t=953 ESSENTIAL STREAKS {'electricity': 2, 'bread': 1}
  t=954 ESSENTIAL STREAKS {'bread': 2}
  t=955 ESSENTIAL STREAKS {'bread': 3}
  t=956 ESSENTIAL STREAKS {'electricity': 1}
  t=958 ESSENTIAL STREAKS {'bread': 1}
  t=959 ESSENTIAL STREAKS {'bread': 2}
  t=960 ESSENTIAL STREAKS {'bread': 3}
  t=961 ESSENTIAL STREAKS {'water': 1, 'bread': 4}
  t=962 ESSENTIAL STREAKS {'bread': 5}
  t=963 ESSENTIAL STREAKS {'electricity': 1}
  t=964 ESSENTIAL STREAKS {'electricity': 2, 'bread': 1}
  t=968 ESSENTIAL STREAKS {'bread': 1}
  t=970 ESSENTIAL STREAKS {'bread': 1}
  t=971 ESSENTIAL STREAKS {'bread': 2, 'electricity': 1}
  t=973 ESSENTIAL STREAKS {'electricity': 1}
  t=974 ESSENTIAL STREAKS {'electricity': 2, 'bread': 1}
  t=975 ESSENTIAL STREAKS {'bread': 2}
  t=976 ESSENTIAL STREAKS {'bread': 3}
  t=977 ESSENTIAL STREAKS {'bread': 4}
  t=978 ESSENTIAL STREAKS {'bread': 5, 'electricity': 1, 'water': 1}
  t=979 ESSENTIAL STREAKS {'electricity': 2}
  t=980 ESSENTIAL STREAKS {'bread': 1}
  t=981 ESSENTIAL STREAKS {'bread': 2, 'electricity': 1}
  t=982 ESSENTIAL STREAKS {'bread': 3, 'electricity': 2, 'water': 1}
  t=983 ESSENTIAL STREAKS {'bread': 4}
  t=984 ESSENTIAL STREAKS {'bread': 5, 'electricity': 1}
  t=985 ESSENTIAL STREAKS {'bread': 6, 'electricity': 2}
  t=986 ESSENTIAL STREAKS {'electricity': 3}
  t=987 ESSENTIAL STREAKS {'bread': 1, 'water': 1}
  t=988 ESSENTIAL STREAKS {'bread': 2}
  t=989 ESSENTIAL STREAKS {'bread': 3}
  t=991 ESSENTIAL STREAKS {'bread': 1}
  t=992 ESSENTIAL STREAKS {'bread': 2}
  t=993 ESSENTIAL STREAKS {'bread': 3, 'electricity': 1}
  t=994 ESSENTIAL STREAKS {'bread': 4, 'electricity': 2}
  t=996 ESSENTIAL STREAKS {'water': 1, 'bread': 1}
  t=997 ESSENTIAL STREAKS {'bread': 2}
  t=998 ESSENTIAL STREAKS {'electricity': 1, 'bread': 3}
  t=999 ESSENTIAL STREAKS {'electricity': 2}
  t=1000 top1=4377.0bp ess_peak=0
  t=1001 ESSENTIAL STREAKS {'bread': 1}
  t=1002 ESSENTIAL STREAKS {'bread': 2, 'electricity': 1}
  t=1005 ESSENTIAL STREAKS {'electricity': 1}
  t=1006 ESSENTIAL STREAKS {'bread': 1, 'electricity': 2}
  t=1007 ESSENTIAL STREAKS {'bread': 2}
  t=1008 ESSENTIAL STREAKS {'water': 1, 'bread': 3}
  t=1010 ESSENTIAL STREAKS {'bread': 1}
  t=1011 ESSENTIAL STREAKS {'bread': 2, 'electricity': 1}
  t=1012 ESSENTIAL STREAKS {'electricity': 2}
  t=1014 ESSENTIAL STREAKS {'water': 1}
  t=1015 ESSENTIAL STREAKS {'bread': 1, 'electricity': 1}
  t=1016 ESSENTIAL STREAKS {'electricity': 2}
  t=1017 ESSENTIAL STREAKS {'bread': 1}
  t=1019 ESSENTIAL STREAKS {'bread': 1, 'electricity': 1}
  t=1020 ESSENTIAL STREAKS {'electricity': 2, 'bread': 2}
  t=1021 ESSENTIAL STREAKS {'bread': 3}
  t=1022 ESSENTIAL STREAKS {'bread': 4, 'water': 1}
  t=1023 ESSENTIAL STREAKS {'water': 2, 'electricity': 1}
  t=1024 ESSENTIAL STREAKS {'bread': 1, 'electricity': 2, 'water': 3}
  t=1025 ESSENTIAL STREAKS {'bread': 2}
  t=1026 ESSENTIAL STREAKS {'bread': 3}
  t=1027 ESSENTIAL STREAKS {'bread': 4}
  t=1028 ESSENTIAL STREAKS {'bread': 5}
  t=1031 ESSENTIAL STREAKS {'bread': 1, 'electricity': 1}
  t=1032 ESSENTIAL STREAKS {'electricity': 2}
  t=1033 ESSENTIAL STREAKS {'bread': 1}
  t=1034 ESSENTIAL STREAKS {'bread': 2}
  t=1035 ESSENTIAL STREAKS {'electricity': 1}
  t=1036 ESSENTIAL STREAKS {'electricity': 2}
  t=1038 ESSENTIAL STREAKS {'bread': 1}
  t=1041 ESSENTIAL STREAKS {'bread': 1}
  t=1042 ESSENTIAL STREAKS {'electricity': 1}
  t=1043 ESSENTIAL STREAKS {'electricity': 2, 'water': 1}
  t=1044 ESSENTIAL STREAKS {'electricity': 3, 'bread': 1}
  t=1045 ESSENTIAL STREAKS {'bread': 2, 'water': 1}
  t=1046 ESSENTIAL STREAKS {'bread': 3, 'electricity': 1, 'water': 2}
  t=1049 ESSENTIAL STREAKS {'bread': 1}
  t=1050 ESSENTIAL STREAKS {'bread': 2}
  t=1051 ESSENTIAL STREAKS {'bread': 3}
  t=1052 ESSENTIAL STREAKS {'electricity': 1}
  t=1053 ESSENTIAL STREAKS {'bread': 1}
  t=1054 ESSENTIAL STREAKS {'bread': 2, 'electricity': 1}
  t=1055 ESSENTIAL STREAKS {'electricity': 2, 'bread': 3}
  t=1056 ESSENTIAL STREAKS {'bread': 4, 'electricity': 3}
  t=1057 ESSENTIAL STREAKS {'bread': 5}
  t=1058 ESSENTIAL STREAKS {'bread': 6}
  t=1060 ESSENTIAL STREAKS {'bread': 1, 'electricity': 1}
  t=1061 ESSENTIAL STREAKS {'bread': 2, 'electricity': 2}
  t=1062 ESSENTIAL STREAKS {'electricity': 3}
  t=1063 ESSENTIAL STREAKS {'bread': 1, 'electricity': 4}
  t=1064 ESSENTIAL STREAKS {'electricity': 5, 'bread': 2}
  t=1065 ESSENTIAL STREAKS {'bread': 3}
  t=1066 ESSENTIAL STREAKS {'bread': 4}
  t=1067 ESSENTIAL STREAKS {'electricity': 1}
  t=1068 ESSENTIAL STREAKS {'electricity': 2}
  t=1069 ESSENTIAL STREAKS {'bread': 1, 'electricity': 3}
  t=1071 ESSENTIAL STREAKS {'bread': 1, 'electricity': 1}
  t=1072 ESSENTIAL STREAKS {'electricity': 2}
  t=1073 ESSENTIAL STREAKS {'electricity': 3}
  t=1074 ESSENTIAL STREAKS {'electricity': 4}
  t=1075 ESSENTIAL STREAKS {'water': 1, 'bread': 1}
  t=1076 ESSENTIAL STREAKS {'bread': 2, 'water': 2}
  t=1077 ESSENTIAL STREAKS {'bread': 3}
  t=1079 ESSENTIAL STREAKS {'bread': 1}
  t=1080 ESSENTIAL STREAKS {'bread': 2}
  t=1081 ESSENTIAL STREAKS {'bread': 3, 'electricity': 1}
  t=1082 ESSENTIAL STREAKS {'electricity': 2}
  t=1083 ESSENTIAL STREAKS {'bread': 1}
  t=1084 ESSENTIAL STREAKS {'electricity': 1}
  t=1085 ESSENTIAL STREAKS {'electricity': 2}
  t=1086 ESSENTIAL STREAKS {'bread': 1}
  t=1090 ESSENTIAL STREAKS {'bread': 1}
  t=1091 ESSENTIAL STREAKS {'bread': 2}
  t=1092 ESSENTIAL STREAKS {'electricity': 1, 'bread': 3}
  t=1093 ESSENTIAL STREAKS {'bread': 4}
  t=1094 ESSENTIAL STREAKS {'electricity': 1, 'bread': 5}
  t=1095 ESSENTIAL STREAKS {'electricity': 2, 'bread': 6}
  t=1096 ESSENTIAL STREAKS {'water': 1}
  t=1097 ESSENTIAL STREAKS {'bread': 1}
  t=1099 ESSENTIAL STREAKS {'bread': 1}
  t=1100 ESSENTIAL STREAKS {'bread': 2}
  t=1100 top1=4303.0bp ess_peak=2
  t=1101 ESSENTIAL STREAKS {'bread': 3}
  t=1103 ESSENTIAL STREAKS {'electricity': 1, 'bread': 1}
  t=1104 ESSENTIAL STREAKS {'bread': 2}
  t=1105 ESSENTIAL STREAKS {'electricity': 1, 'bread': 3}
  t=1109 ESSENTIAL STREAKS {'bread': 1, 'electricity': 1}
  t=1110 ESSENTIAL STREAKS {'bread': 2, 'water': 1}
  t=1111 ESSENTIAL STREAKS {'electricity': 1}
  t=1112 ESSENTIAL STREAKS {'electricity': 2, 'bread': 1}
  t=1113 ESSENTIAL STREAKS {'bread': 2}
  t=1114 ESSENTIAL STREAKS {'bread': 3, 'electricity': 1}
  t=1115 ESSENTIAL STREAKS {'electricity': 2}
  t=1116 ESSENTIAL STREAKS {'electricity': 3, 'bread': 1}
  t=1117 ESSENTIAL STREAKS {'bread': 2}
  t=1119 ESSENTIAL STREAKS {'electricity': 1}
  t=1120 ESSENTIAL STREAKS {'electricity': 2, 'bread': 1}
  t=1121 ESSENTIAL STREAKS {'bread': 2}
  t=1122 ESSENTIAL STREAKS {'water': 1}
  t=1123 ESSENTIAL STREAKS {'water': 2, 'bread': 1, 'electricity': 1}
  t=1124 ESSENTIAL STREAKS {'electricity': 2, 'bread': 2, 'water': 3}
  t=1125 ESSENTIAL STREAKS {'bread': 3, 'water': 4}
  t=1127 ESSENTIAL STREAKS {'bread': 1}
  t=1130 ESSENTIAL STREAKS {'electricity': 1}
  t=1131 ESSENTIAL STREAKS {'bread': 1}
  t=1132 ESSENTIAL STREAKS {'electricity': 1}
  t=1133 ESSENTIAL STREAKS {'electricity': 2, 'bread': 1}
  t=1134 ESSENTIAL STREAKS {'electricity': 3, 'bread': 2}
  t=1135 ESSENTIAL STREAKS {'electricity': 4, 'bread': 3}
  t=1136 ESSENTIAL STREAKS {'electricity': 5, 'bread': 4}
  t=1137 ESSENTIAL STREAKS {'bread': 5}
  t=1138 ESSENTIAL STREAKS {'bread': 6, 'electricity': 1}
  t=1140 ESSENTIAL STREAKS {'bread': 1, 'water': 1}
  t=1142 ESSENTIAL STREAKS {'bread': 1, 'electricity': 1, 'water': 1}
  t=1144 ESSENTIAL STREAKS {'bread': 1}
  t=1145 ESSENTIAL STREAKS {'bread': 2}
  t=1146 ESSENTIAL STREAKS {'electricity': 1}
  t=1149 ESSENTIAL STREAKS {'bread': 1}
  t=1150 ESSENTIAL STREAKS {'bread': 2}
  t=1151 ESSENTIAL STREAKS {'bread': 3}
  t=1152 ESSENTIAL STREAKS {'bread': 4, 'electricity': 1}
  t=1153 ESSENTIAL STREAKS {'electricity': 2}
  t=1154 ESSENTIAL STREAKS {'electricity': 3, 'bread': 1}
  t=1156 ESSENTIAL STREAKS {'bread': 1, 'electricity': 1}
  t=1157 ESSENTIAL STREAKS {'bread': 2}
  t=1159 ESSENTIAL STREAKS {'electricity': 1}
  t=1160 ESSENTIAL STREAKS {'bread': 1}
  t=1161 ESSENTIAL STREAKS {'bread': 2, 'electricity': 1}
  t=1163 ESSENTIAL STREAKS {'electricity': 1}
  t=1164 ESSENTIAL STREAKS {'electricity': 2, 'water': 1}
  t=1165 ESSENTIAL STREAKS {'bread': 1, 'water': 2}
  t=1166 ESSENTIAL STREAKS {'bread': 2, 'electricity': 1}
  t=1167 ESSENTIAL STREAKS {'bread': 3, 'electricity': 2}
  t=1168 ESSENTIAL STREAKS {'bread': 4}
  t=1169 ESSENTIAL STREAKS {'bread': 5}
  t=1170 ESSENTIAL STREAKS {'bread': 6}
  t=1171 ESSENTIAL STREAKS {'bread': 7}
  t=1172 ESSENTIAL STREAKS {'electricity': 1}
  t=1173 ESSENTIAL STREAKS {'bread': 1}
  t=1174 ESSENTIAL STREAKS {'bread': 2, 'electricity': 1}
  t=1175 ESSENTIAL STREAKS {'bread': 3}
  t=1177 ESSENTIAL STREAKS {'bread': 1}
  t=1178 ESSENTIAL STREAKS {'bread': 2, 'electricity': 1}
  t=1180 ESSENTIAL STREAKS {'bread': 1}
  t=1181 ESSENTIAL STREAKS {'bread': 2}
  t=1182 ESSENTIAL STREAKS {'electricity': 1}
  t=1183 ESSENTIAL STREAKS {'electricity': 2, 'bread': 1}
  t=1185 ESSENTIAL STREAKS {'bread': 1}
  t=1186 ESSENTIAL STREAKS {'electricity': 1, 'bread': 2}
  t=1187 ESSENTIAL STREAKS {'electricity': 2, 'bread': 3}
  t=1188 ESSENTIAL STREAKS {'bread': 4}
  t=1189 ESSENTIAL STREAKS {'bread': 1}
  t=1190 ESSENTIAL STREAKS {'bread': 2}
  t=1191 ESSENTIAL STREAKS {'bread': 3}
  t=1192 ESSENTIAL STREAKS {'electricity': 1, 'water': 1}
  t=1193 ESSENTIAL STREAKS {'bread': 1, 'electricity': 2}
  t=1196 ESSENTIAL STREAKS {'bread': 1, 'electricity': 1}
  t=1198 ESSENTIAL STREAKS {'bread': 1, 'water': 1}
  t=1199 ESSENTIAL STREAKS {'electricity': 1}
  t=1200 ESSENTIAL STREAKS {'electricity': 2, 'bread': 1}
  t=1200 top1=4238.0bp ess_peak=2
  t=1201 ESSENTIAL STREAKS {'bread': 2, 'electricity': 3}
  t=1202 ESSENTIAL STREAKS {'electricity': 4}
  t=1203 ESSENTIAL STREAKS {'electricity': 5, 'bread': 1, 'water': 1}
  t=1204 ESSENTIAL STREAKS {'bread': 2, 'water': 2}
  t=1205 ESSENTIAL STREAKS {'electricity': 1, 'bread': 3}
  t=1206 ESSENTIAL STREAKS {'bread': 4}
  t=1207 ESSENTIAL STREAKS {'bread': 5}
  t=1208 ESSENTIAL STREAKS {'electricity': 1, 'bread': 6}
  t=1209 ESSENTIAL STREAKS {'bread': 7}
  t=1210 ESSENTIAL STREAKS {'bread': 8, 'water': 1}
  t=1211 ESSENTIAL STREAKS {'bread': 9}
  t=1212 ESSENTIAL STREAKS {'electricity': 1, 'bread': 10}
  t=1214 ESSENTIAL STREAKS {'electricity': 1, 'bread': 1}
  t=1215 ESSENTIAL STREAKS {'electricity': 2, 'bread': 2}
  t=1216 ESSENTIAL STREAKS {'bread': 3}
  t=1218 ESSENTIAL STREAKS {'electricity': 1, 'bread': 1}
  t=1219 ESSENTIAL STREAKS {'electricity': 2, 'bread': 2}
  t=1220 ESSENTIAL STREAKS {'bread': 3}
  t=1221 ESSENTIAL STREAKS {'bread': 4}
  t=1222 ESSENTIAL STREAKS {'electricity': 1}
  t=1223 ESSENTIAL STREAKS {'electricity': 2, 'bread': 1}
  t=1224 ESSENTIAL STREAKS {'bread': 2}
  t=1225 ESSENTIAL STREAKS {'bread': 3}
  t=1228 ESSENTIAL STREAKS {'electricity': 1}
  t=1229 ESSENTIAL STREAKS {'bread': 1}
  t=1231 ESSENTIAL STREAKS {'bread': 1}
  t=1233 ESSENTIAL STREAKS {'bread': 1, 'electricity': 1}
  t=1234 ESSENTIAL STREAKS {'electricity': 2}
  t=1235 ESSENTIAL STREAKS {'bread': 1}
  t=1236 ESSENTIAL STREAKS {'bread': 2, 'electricity': 1}
  t=1237 ESSENTIAL STREAKS {'electricity': 2, 'water': 1}
  t=1238 ESSENTIAL STREAKS {'bread': 1, 'water': 2}
  t=1239 ESSENTIAL STREAKS {'electricity': 1, 'bread': 2}
  t=1240 ESSENTIAL STREAKS {'bread': 3}
  t=1241 ESSENTIAL STREAKS {'bread': 4}
  t=1242 ESSENTIAL STREAKS {'electricity': 1}
  t=1243 ESSENTIAL STREAKS {'electricity': 2, 'bread': 1}
  t=1244 ESSENTIAL STREAKS {'bread': 2}
  t=1245 ESSENTIAL STREAKS {'bread': 3, 'electricity': 1, 'water': 1}
  t=1246 ESSENTIAL STREAKS {'electricity': 2}
  t=1247 ESSENTIAL STREAKS {'electricity': 3}
  t=1248 ESSENTIAL STREAKS {'bread': 1}
  t=1249 ESSENTIAL STREAKS {'electricity': 1}
  t=1251 ESSENTIAL STREAKS {'bread': 1}
  t=1252 ESSENTIAL STREAKS {'electricity': 1}
  t=1253 ESSENTIAL STREAKS {'bread': 1}
  t=1254 ESSENTIAL STREAKS {'bread': 2}
  t=1255 ESSENTIAL STREAKS {'electricity': 1}
  t=1256 ESSENTIAL STREAKS {'bread': 1}
  t=1257 ESSENTIAL STREAKS {'bread': 2}
  t=1259 ESSENTIAL STREAKS {'bread': 1}
  t=1260 ESSENTIAL STREAKS {'bread': 2}
  t=1261 ESSENTIAL STREAKS {'bread': 3, 'electricity': 1}
  t=1262 ESSENTIAL STREAKS {'electricity': 2, 'bread': 4}
  t=1264 ESSENTIAL STREAKS {'bread': 1, 'electricity': 1}
  t=1265 ESSENTIAL STREAKS {'water': 1, 'electricity': 2}
  t=1266 ESSENTIAL STREAKS {'bread': 1}
  t=1267 ESSENTIAL STREAKS {'bread': 2, 'electricity': 1, 'water': 1}
  t=1268 ESSENTIAL STREAKS {'water': 2}
  t=1269 ESSENTIAL STREAKS {'electricity': 1, 'water': 3, 'bread': 1}
  t=1270 ESSENTIAL STREAKS {'bread': 2}
  t=1271 ESSENTIAL STREAKS {'electricity': 1, 'bread': 3}
  t=1272 ESSENTIAL STREAKS {'electricity': 2}
  t=1275 ESSENTIAL STREAKS {'bread': 1}
  t=1276 ESSENTIAL STREAKS {'bread': 2, 'electricity': 1}
  t=1277 ESSENTIAL STREAKS {'bread': 3}
  t=1278 ESSENTIAL STREAKS {'bread': 1}
  t=1279 ESSENTIAL STREAKS {'bread': 2}
  t=1280 ESSENTIAL STREAKS {'bread': 3}
  t=1282 ESSENTIAL STREAKS {'electricity': 1}
  t=1283 ESSENTIAL STREAKS {'electricity': 2, 'bread': 1}
  t=1284 ESSENTIAL STREAKS {'bread': 2}
  t=1285 ESSENTIAL STREAKS {'bread': 3}
  t=1286 ESSENTIAL STREAKS {'electricity': 1}
  t=1287 ESSENTIAL STREAKS {'bread': 1, 'electricity': 2}
  t=1288 ESSENTIAL STREAKS {'bread': 2, 'electricity': 3}
  t=1289 ESSENTIAL STREAKS {'bread': 3}
  t=1290 ESSENTIAL STREAKS {'bread': 4}
  t=1291 ESSENTIAL STREAKS {'bread': 5}
  t=1292 ESSENTIAL STREAKS {'electricity': 1}
  t=1293 ESSENTIAL STREAKS {'bread': 1, 'electricity': 2}
  t=1294 ESSENTIAL STREAKS {'bread': 2, 'electricity': 3}
  t=1295 ESSENTIAL STREAKS {'bread': 3}
  t=1296 ESSENTIAL STREAKS {'electricity': 1, 'water': 1}
  t=1297 ESSENTIAL STREAKS {'electricity': 2}
  t=1298 ESSENTIAL STREAKS {'bread': 1}
  t=1300 top1=4176.0bp ess_peak=0
  t=1301 ESSENTIAL STREAKS {'bread': 1, 'electricity': 1}
  t=1303 ESSENTIAL STREAKS {'electricity': 1}
  t=1304 ESSENTIAL STREAKS {'electricity': 2}
  t=1305 ESSENTIAL STREAKS {'electricity': 3, 'water': 1}
  t=1306 ESSENTIAL STREAKS {'bread': 1}
  t=1307 ESSENTIAL STREAKS {'bread': 2}
  t=1309 ESSENTIAL STREAKS {'water': 1}
  t=1310 ESSENTIAL STREAKS {'bread': 1}
  t=1311 ESSENTIAL STREAKS {'bread': 2}
  t=1312 ESSENTIAL STREAKS {'electricity': 1, 'water': 1}
  t=1313 ESSENTIAL STREAKS {'electricity': 2, 'bread': 1}
  t=1314 ESSENTIAL STREAKS {'bread': 2}
  t=1315 ESSENTIAL STREAKS {'bread': 3, 'water': 1}
  t=1316 ESSENTIAL STREAKS {'electricity': 1}
  t=1317 ESSENTIAL STREAKS {'electricity': 2}
  t=1320 ESSENTIAL STREAKS {'bread': 1, 'electricity': 1}
  t=1321 ESSENTIAL STREAKS {'electricity': 2, 'bread': 2}
  t=1323 ESSENTIAL STREAKS {'bread': 1}
  t=1324 ESSENTIAL STREAKS {'electricity': 1, 'water': 1, 'bread': 1}
  t=1325 ESSENTIAL STREAKS {'electricity': 2, 'bread': 2}
  t=1326 ESSENTIAL STREAKS {'bread': 3, 'water': 1}
  t=1327 ESSENTIAL STREAKS {'bread': 4}
  t=1328 ESSENTIAL STREAKS {'bread': 5}
  t=1330 ESSENTIAL STREAKS {'bread': 1}
  t=1331 ESSENTIAL STREAKS {'bread': 2, 'electricity': 1}
  t=1332 ESSENTIAL STREAKS {'electricity': 2, 'water': 1}
  t=1333 ESSENTIAL STREAKS {'electricity': 3}
  t=1334 ESSENTIAL STREAKS {'bread': 1}
  t=1336 ESSENTIAL STREAKS {'bread': 1, 'electricity': 1}
  t=1337 ESSENTIAL STREAKS {'bread': 2}
  t=1338 ESSENTIAL STREAKS {'bread': 3, 'electricity': 1}
  t=1339 ESSENTIAL STREAKS {'bread': 4}
  t=1340 ESSENTIAL STREAKS {'bread': 5}
  t=1341 ESSENTIAL STREAKS {'bread': 6}
  t=1343 ESSENTIAL STREAKS {'bread': 1, 'electricity': 1, 'water': 1}
  t=1346 ESSENTIAL STREAKS {'bread': 1}
  t=1347 ESSENTIAL STREAKS {'electricity': 1}
  t=1349 ESSENTIAL STREAKS {'bread': 1}
  t=1350 ESSENTIAL STREAKS {'bread': 2}
  t=1351 ESSENTIAL STREAKS {'electricity': 1}
  t=1353 ESSENTIAL STREAKS {'electricity': 1, 'bread': 1}
  t=1354 ESSENTIAL STREAKS {'bread': 2}
  t=1355 ESSENTIAL STREAKS {'bread': 3, 'electricity': 1}
  t=1356 ESSENTIAL STREAKS {'electricity': 2}
  t=1357 ESSENTIAL STREAKS {'bread': 1}
  t=1358 ESSENTIAL STREAKS {'electricity': 1}
  t=1359 ESSENTIAL STREAKS {'bread': 1}
  t=1360 ESSENTIAL STREAKS {'bread': 2, 'water': 1}
  t=1361 ESSENTIAL STREAKS {'bread': 3}
  t=1362 ESSENTIAL STREAKS {'electricity': 1, 'bread': 4}
  t=1363 ESSENTIAL STREAKS {'electricity': 2}
  t=1364 ESSENTIAL STREAKS {'water': 1, 'bread': 1}
  t=1365 ESSENTIAL STREAKS {'water': 2, 'bread': 2, 'electricity': 1}
  t=1368 ESSENTIAL STREAKS {'bread': 1, 'electricity': 1}
  t=1369 ESSENTIAL STREAKS {'bread': 2}
  t=1370 ESSENTIAL STREAKS {'bread': 3}
  t=1371 ESSENTIAL STREAKS {'bread': 4}
  t=1372 ESSENTIAL STREAKS {'electricity': 1}
  t=1374 ESSENTIAL STREAKS {'bread': 1}
  t=1375 ESSENTIAL STREAKS {'electricity': 1}
  t=1376 ESSENTIAL STREAKS {'bread': 1, 'electricity': 2}
  t=1377 ESSENTIAL STREAKS {'bread': 2, 'electricity': 3}
  t=1378 ESSENTIAL STREAKS {'bread': 3}
  t=1380 ESSENTIAL STREAKS {'bread': 1, 'electricity': 1}
  t=1381 ESSENTIAL STREAKS {'bread': 2, 'electricity': 2}
  t=1382 ESSENTIAL STREAKS {'water': 1}
  t=1383 ESSENTIAL STREAKS {'bread': 1}
  t=1384 ESSENTIAL STREAKS {'bread': 2}
  t=1385 ESSENTIAL STREAKS {'electricity': 1}
  t=1386 ESSENTIAL STREAKS {'electricity': 2, 'bread': 1}
  t=1387 ESSENTIAL STREAKS {'bread': 2}
  t=1388 ESSENTIAL STREAKS {'bread': 3}
  t=1389 ESSENTIAL STREAKS {'bread': 4}
  t=1391 ESSENTIAL STREAKS {'electricity': 1, 'bread': 1}
  t=1392 ESSENTIAL STREAKS {'bread': 2}
  t=1393 ESSENTIAL STREAKS {'electricity': 1}
  t=1394 ESSENTIAL STREAKS {'electricity': 2}
  t=1395 ESSENTIAL STREAKS {'electricity': 3, 'bread': 1}
  t=1396 ESSENTIAL STREAKS {'electricity': 4, 'bread': 2}
  t=1397 ESSENTIAL STREAKS {'bread': 3}
  t=1400 ESSENTIAL STREAKS {'bread': 1}
  t=1400 top1=4104.0bp ess_peak=1
  t=1401 ESSENTIAL STREAKS {'bread': 2}
  t=1402 ESSENTIAL STREAKS {'electricity': 1, 'bread': 1}
  t=1403 ESSENTIAL STREAKS {'electricity': 2}
  t=1404 ESSENTIAL STREAKS {'bread': 1}
  t=1405 ESSENTIAL STREAKS {'bread': 2}
  t=1406 ESSENTIAL STREAKS {'electricity': 1}
  t=1407 ESSENTIAL STREAKS {'electricity': 2}
  t=1409 ESSENTIAL STREAKS {'water': 1}
  t=1410 ESSENTIAL STREAKS {'bread': 1, 'electricity': 1}
  t=1411 ESSENTIAL STREAKS {'electricity': 2, 'bread': 2}
  t=1412 ESSENTIAL STREAKS {'bread': 3}
  t=1413 ESSENTIAL STREAKS {'bread': 4}
  t=1414 ESSENTIAL STREAKS {'bread': 5}
  t=1415 ESSENTIAL STREAKS {'bread': 6}
  t=1416 ESSENTIAL STREAKS {'electricity': 1}
  t=1417 ESSENTIAL STREAKS {'electricity': 2}
  t=1418 ESSENTIAL STREAKS {'bread': 1}
  t=1419 ESSENTIAL STREAKS {'bread': 2}
  t=1420 ESSENTIAL STREAKS {'bread': 3}
  t=1421 ESSENTIAL STREAKS {'bread': 1}
  t=1422 ESSENTIAL STREAKS {'water': 1, 'bread': 2, 'electricity': 1}
  t=1423 ESSENTIAL STREAKS {'electricity': 2, 'bread': 3}
  t=1424 ESSENTIAL STREAKS {'electricity': 3, 'bread': 4}
  t=1426 ESSENTIAL STREAKS {'water': 1}
  t=1427 ESSENTIAL STREAKS {'water': 2, 'electricity': 1}
  t=1428 ESSENTIAL STREAKS {'electricity': 2}
  t=1429 ESSENTIAL STREAKS {'bread': 1}
  t=1430 ESSENTIAL STREAKS {'bread': 2}
  t=1431 ESSENTIAL STREAKS {'bread': 3}
  t=1432 ESSENTIAL STREAKS {'bread': 4, 'electricity': 1}
  t=1433 ESSENTIAL STREAKS {'bread': 5, 'electricity': 2}
  t=1434 ESSENTIAL STREAKS {'electricity': 3}
  t=1435 ESSENTIAL STREAKS {'electricity': 4, 'bread': 1}
  t=1436 ESSENTIAL STREAKS {'electricity': 5, 'bread': 2}
  t=1437 ESSENTIAL STREAKS {'bread': 3, 'electricity': 6}
  t=1438 ESSENTIAL STREAKS {'electricity': 7, 'bread': 4}
  t=1439 ESSENTIAL STREAKS {'bread': 5}
  t=1440 ESSENTIAL STREAKS {'bread': 6}
  t=1441 ESSENTIAL STREAKS {'bread': 7}
  t=1442 ESSENTIAL STREAKS {'bread': 8, 'electricity': 1}
  t=1443 ESSENTIAL STREAKS {'electricity': 2}
  t=1444 ESSENTIAL STREAKS {'bread': 1, 'water': 1}
  t=1445 ESSENTIAL STREAKS {'water': 2, 'electricity': 1, 'bread': 2}
  t=1446 ESSENTIAL STREAKS {'water': 3, 'electricity': 2}
  t=1447 ESSENTIAL STREAKS {'electricity': 3}
  t=1448 ESSENTIAL STREAKS {'bread': 1}
  t=1449 ESSENTIAL STREAKS {'bread': 2, 'water': 1, 'electricity': 1}
  t=1450 ESSENTIAL STREAKS {'electricity': 2, 'water': 2, 'bread': 3}
  t=1451 ESSENTIAL STREAKS {'bread': 4, 'electricity': 3}
  t=1452 ESSENTIAL STREAKS {'bread': 1}
  t=1453 ESSENTIAL STREAKS {'bread': 2, 'electricity': 1}
  t=1454 ESSENTIAL STREAKS {'electricity': 2, 'bread': 1}
  t=1455 ESSENTIAL STREAKS {'electricity': 3}
  t=1456 ESSENTIAL STREAKS {'bread': 1}
  t=1457 ESSENTIAL STREAKS {'bread': 2}
  t=1458 ESSENTIAL STREAKS {'water': 1}
  t=1459 ESSENTIAL STREAKS {'bread': 1}
  t=1460 ESSENTIAL STREAKS {'bread': 2}
  t=1461 ESSENTIAL STREAKS {'bread': 3}
  t=1462 ESSENTIAL STREAKS {'bread': 4}
  t=1463 ESSENTIAL STREAKS {'electricity': 1, 'water': 1, 'bread': 5}
  t=1464 ESSENTIAL STREAKS {'water': 2, 'bread': 6, 'electricity': 2}
  t=1465 ESSENTIAL STREAKS {'bread': 7, 'water': 3}
  t=1466 ESSENTIAL STREAKS {'bread': 8, 'electricity': 1}
  t=1467 ESSENTIAL STREAKS {'electricity': 2}
  t=1469 ESSENTIAL STREAKS {'bread': 1}
  t=1470 ESSENTIAL STREAKS {'bread': 2}
  t=1471 ESSENTIAL STREAKS {'bread': 3}
  t=1472 ESSENTIAL STREAKS {'bread': 4}
  t=1474 ESSENTIAL STREAKS {'bread': 1}
  t=1475 ESSENTIAL STREAKS {'electricity': 1}
  t=1476 ESSENTIAL STREAKS {'bread': 1}
  t=1477 ESSENTIAL STREAKS {'bread': 2, 'electricity': 1, 'water': 1}
  t=1478 ESSENTIAL STREAKS {'electricity': 2, 'water': 2}
  t=1480 ESSENTIAL STREAKS {'bread': 1, 'electricity': 1}
  t=1481 ESSENTIAL STREAKS {'bread': 2, 'water': 1}
  t=1482 ESSENTIAL STREAKS {'bread': 3, 'electricity': 1}
  t=1483 ESSENTIAL STREAKS {'electricity': 2}
  t=1484 ESSENTIAL STREAKS {'bread': 1, 'water': 1}
  t=1485 ESSENTIAL STREAKS {'bread': 2, 'electricity': 1}
  t=1486 ESSENTIAL STREAKS {'electricity': 2}
  t=1487 ESSENTIAL STREAKS {'electricity': 3, 'bread': 1}
  t=1488 ESSENTIAL STREAKS {'bread': 2}
  t=1490 ESSENTIAL STREAKS {'bread': 1, 'water': 1}
  t=1491 ESSENTIAL STREAKS {'electricity': 1, 'bread': 2, 'water': 2}
  t=1492 ESSENTIAL STREAKS {'bread': 3}
  t=1493 ESSENTIAL STREAKS {'bread': 4}
  t=1495 ESSENTIAL STREAKS {'electricity': 1, 'bread': 1}
  t=1496 ESSENTIAL STREAKS {'bread': 2}
  t=1497 ESSENTIAL STREAKS {'bread': 3}
  t=1498 ESSENTIAL STREAKS {'water': 1, 'electricity': 1}
  t=1499 ESSENTIAL STREAKS {'electricity': 2, 'water': 2}
  t=1500 ESSENTIAL STREAKS {'bread': 1}
  t=1500 top1=4027.0bp ess_peak=1
  t=1501 ESSENTIAL STREAKS {'bread': 2}
verdict=fed_but_unequal final_top1=4027.0bp ess_ok=True inv_ok=True wall=164.0s -> tax0400_div3000_s42.json
